// Jest Snapshot v1, https://goo.gl/fbAQLP

exports[`CustomizeDropdown.type should return group dom 1`] = `
<Group
  onRemove={[Function]}
  selectedGroups={
    Array [
      Object {
        "id": "1",
        "owner": "121",
        "title": "test",
      },
    ]
  }
/>
`;
